  main.c
  game.c
  renderer.c
C:\Users\hikam\Downloads\AstroDefender\src\game.c(676,5): warning C4996: 'strncpy': This function or variable may be unsafe. Consider using strncpy_s instead. To disable deprecation, use _CRT_SECURE_NO_WARNINGS. See online help for details.
  Generating Code...
  AstroDefender.vcxproj -> C:\Users\hikam\Downloads\AstroDefender\bin\Debug\AstroDefender.exe
  Invalid number of parameters
  0 File(s) copied
  Invalid number of parameters
  0 File(s) copied
  Invalid number of parameters
  0 File(s) copied
  0 File(s) copied
  Invalid number of parameters
C:\Program Files\Microsoft Visual Studio\18\Enterprise\MSBuild\Microsoft\VC\v170\Microsoft.CppCommon.targets(166,5): error MSB3073: The command "
C:\Program Files\Microsoft Visual Studio\18\Enterprise\MSBuild\Microsoft\VC\v170\Microsoft.CppCommon.targets(166,5): error MSB3073:         xcopy /Y /D "C:\Users\hikam\Downloads\AstroDefender\AstroDefender\..\deps\SDL2\lib\x64\SDL2.dll"       "C:\Users\hikam\Downloads\AstroDefender\bin\Debug\" 2^>nul
C:\Program Files\Microsoft Visual Studio\18\Enterprise\MSBuild\Microsoft\VC\v170\Microsoft.CppCommon.targets(166,5): error MSB3073:         xcopy /Y /D "C:\Users\hikam\Downloads\AstroDefender\AstroDefender\..\deps\SDL2_ttf\lib\x64\SDL2_ttf.dll"  "C:\Users\hikam\Downloads\AstroDefender\bin\Debug\" 2^>nul
C:\Program Files\Microsoft Visual Studio\18\Enterprise\MSBuild\Microsoft\VC\v170\Microsoft.CppCommon.targets(166,5): error MSB3073:         xcopy /Y /D "C:\Users\hikam\Downloads\AstroDefender\AstroDefender\..\deps\SDL2_mixer\lib\x64\SDL2_mixer.dll" "C:\Users\hikam\Downloads\AstroDefender\bin\Debug\" 2^>nul
C:\Program Files\Microsoft Visual Studio\18\Enterprise\MSBuild\Microsoft\VC\v170\Microsoft.CppCommon.targets(166,5): error MSB3073:         xcopy /Y /D /E "C:\Users\hikam\Downloads\AstroDefender\AstroDefender\..\assets" "C:\Users\hikam\Downloads\AstroDefender\bin\Debug\assets\" 2^>nul
C:\Program Files\Microsoft Visual Studio\18\Enterprise\MSBuild\Microsoft\VC\v170\Microsoft.CppCommon.targets(166,5): error MSB3073:       
C:\Program Files\Microsoft Visual Studio\18\Enterprise\MSBuild\Microsoft\VC\v170\Microsoft.CppCommon.targets(166,5): error MSB3073: :VCEnd" exited with code 4.
